// Jest Snapshot v1, https://goo.gl/fbAQLP

exports[`App component renders App 1`] = `
<DocumentFragment>
  <h1
    class="headerBar"
  >
    REST-ish
  </h1>
  <div
    class="page"
  >
    <ul
      aria-label="history"
      class="sideBar"
    />
    <div
      class="mainsection"
    >
      <form>
        <input
          aria-label="urlInput"
          class="urlSearch"
          placeholder=" URL"
          type="text"
          value=""
        />
        <br />
        <div>
          <input
            aria-label="get"
            id="get"
            name="CRUD"
            type="radio"
            value="GET"
          />
          <label
            for="get"
          >
            GET
          </label>
          <input
            aria-label="post"
            id="post"
            name="CRUD"
            type="radio"
            value="POST"
          />
          <label
            for="post"
          >
            POST
          </label>
          <input
            aria-label="put"
            id="put"
            name="CRUD"
            type="radio"
            value="PUT"
          />
          <label
            for="put"
          >
            PUT
          </label>
          <input
            aria-label="delete"
            id="delete"
            name="CRUD"
            type="radio"
            value="DELETE"
          />
          <label
            for="delete"
          >
            DELETE
          </label>
          <button
            aria-label="submit"
          >
            Go!
          </button>
        </div>
        <br />
        <textarea
          aria-label="json"
          class="json"
          placeholder=" Raw JSON Body"
          rows="4"
          type="text"
        />
      </form>
      <section
        aria-label="jsonResults"
        class="results"
      >
        <pre>
          [
 {
  "root": {
   "Hello": "I am bored. PLEASE make a fetch!"
  }
 }
]
        </pre>
      </section>
    </div>
  </div>
</DocumentFragment>
`;
